// Jest Snapshot v1, https://goo.gl/fbAQLP

exports[`<SearchBar> Component renders correctly 1`] = `
ShallowWrapper {
  "length": 1,
  Symbol(enzyme.__root__): [Circular],
  Symbol(enzyme.__unrendered__): <SearchBar />,
  Symbol(enzyme.__renderer__): Object {
    "batchedUpdates": [Function],
    "getNode": [Function],
    "render": [Function],
    "simulateEvent": [Function],
    "unmount": [Function],
  },
  Symbol(enzyme.__node__): Object {
    "instance": null,
    "key": undefined,
    "nodeType": "class",
    "props": Object {
      "children": <styled.form
        innerRef={[Function]}
>
        <styled.input
                name="search"
                placeholder="Search youtube"
                type="text"
        />
        <styled.button
                onClick={[Function]}
        >
                Search
        </styled.button>
</styled.form>,
    },
    "ref": null,
    "rendered": Object {
      "instance": null,
      "key": undefined,
      "nodeType": "class",
      "props": Object {
        "children": Array [
          <styled.input
            name="search"
            placeholder="Search youtube"
            type="text"
/>,
          <styled.button
            onClick={[Function]}
>
            Search
</styled.button>,
        ],
        "innerRef": [Function],
      },
      "ref": null,
      "rendered": Array [
        Object {
          "instance": null,
          "key": undefined,
          "nodeType": "class",
          "props": Object {
            "name": "search",
            "placeholder": "Search youtube",
            "type": "text",
          },
          "ref": null,
          "rendered": null,
          "type": [Function],
        },
        Object {
          "instance": null,
          "key": undefined,
          "nodeType": "class",
          "props": Object {
            "children": "Search",
            "onClick": [Function],
          },
          "ref": null,
          "rendered": "Search",
          "type": [Function],
        },
      ],
      "type": [Function],
    },
    "type": [Function],
  },
  Symbol(enzyme.__nodes__): Array [
    Object {
      "instance": null,
      "key": undefined,
      "nodeType": "class",
      "props": Object {
        "children": <styled.form
          innerRef={[Function]}
>
          <styled.input
                    name="search"
                    placeholder="Search youtube"
                    type="text"
          />
          <styled.button
                    onClick={[Function]}
          >
                    Search
          </styled.button>
</styled.form>,
      },
      "ref": null,
      "rendered": Object {
        "instance": null,
        "key": undefined,
        "nodeType": "class",
        "props": Object {
          "children": Array [
            <styled.input
              name="search"
              placeholder="Search youtube"
              type="text"
/>,
            <styled.button
              onClick={[Function]}
>
              Search
</styled.button>,
          ],
          "innerRef": [Function],
        },
        "ref": null,
        "rendered": Array [
          Object {
            "instance": null,
            "key": undefined,
            "nodeType": "class",
            "props": Object {
              "name": "search",
              "placeholder": "Search youtube",
              "type": "text",
            },
            "ref": null,
            "rendered": null,
            "type": [Function],
          },
          Object {
            "instance": null,
            "key": undefined,
            "nodeType": "class",
            "props": Object {
              "children": "Search",
              "onClick": [Function],
            },
            "ref": null,
            "rendered": "Search",
            "type": [Function],
          },
        ],
        "type": [Function],
      },
      "type": [Function],
    },
  ],
  Symbol(enzyme.__options__): Object {
    "adapter": ReactSixteenAdapter {
      "options": Object {
        "enableComponentDidUpdateOnSetState": true,
      },
    },
  },
}
`;
