// Jest Snapshot v1, https://goo.gl/fbAQLP

exports[`<YoutubePlayer> component renders 1`] = `
.c0 {
  width: 100%;
  height: 100%;
}

<div
  class="c0"
>
  <div>
    
  </div>
</div>
`;
